../Core/Src/main.c:148:6:SystemClock_Config	88	static,ignoring_inline_asm
../Core/Src/main.c:79:5:main	48	static,ignoring_inline_asm
../Core/Src/main.c:296:6:HAL_I2C_SlaveTxCpltCallback	0	static
../Core/Src/main.c:316:6:HAL_I2C_SlaveRxCpltCallback	0	static
../Core/Src/main.c:336:6:HAL_I2C_AddrCallback	8	static,ignoring_inline_asm
../Core/Src/main.c:372:6:HAL_I2C_ListenCpltCallback	0	static
../Core/Src/main.c:376:6:HAL_I2C_ErrorCallback	8	static,ignoring_inline_asm
../Core/Src/main.c:393:6:Error_Handler	0	static,ignoring_inline_asm
